// Jest Snapshot v1, https://goo.gl/fbAQLP

exports[`Button there is a correct snapshot 1`] = `
<button
  className=""
  type="button"
>
  Dismiss
</button>
`;
