// Jest Snapshot v1, https://goo.gl/fbAQLP

exports[`Search there is a correct snapshot 1`] = `
<form
  className="someClass"
>
  <input
    type="text"
  />
  <button
    type="submit"
  >
    Search
  </button>
</form>
`;
