// Jest Snapshot v1, https://goo.gl/fbAQLP

exports[`Loading there is a correct snapshot 1`] = `
<div>
  Loading...
</div>
`;
